2019/03/20 09:01:03 Error! open hogehogehoge: no such file or directory
2019/03/20 09:01:41 Error! open hogehogehoge: no such file or directory
2019/03/20 09:02:45 /Users/kohei.sato/eclipse-workspace/SugarGo/src/main/lesson.go:23: Error! open hogehogehoge: no such file or directory
